
:openvela$ adb shell
root@debian:/# 
root@debian:/# picocom --imap lfcrlf --omap crlf /dev/ttyNSH1
picocom v3.1

port is        : /dev/ttyNSH1
flowcontrol    : none
baudrate is    : 9600
parity is      : none
databits are   : 8
stopbits are   : 1
escape is      : C-a
local echo is  : no
noinit is      : no
noreset is     : no
hangup is      : no
nolock is      : no
send_cmd is    : sz -vv
receive_cmd is : rz -vv -E
imap is        : lfcrlf,
omap is        : crlf,
emap is        : crcrlf,delbs,
logfile is     : none
initstring     : none
exit_after is  : not set
exit is        : no

!! Settings mismatch !! Type [C-a] [C-v] to see actual port settings
Type [C-a] [C-h] to see available commands
Terminal ready
NuttShell (NSH)
nsh> 
nsh> ps
  PID GROUP PRI POLICY   TYPE    NPX STATE    EVENT     SIGMASK            STACK COMMAND
    0     0   0 FIFO     Kthread   - Ready              0000000000000000 0004072 CPU0 IDLE
    1     0 224 RR       Kthread   - Waiting  Semaphore 0000000000000000 0004032 hpwork 0x14780 0x147c8
    3     3 100 RR       Task      - Running            0000000000000000 0016344 m0_main
    5     0 224 RR       Kthread   - Waiting  Semaphore 0000000000000000 0008120 rpmsg-linux-0 0x177b8 0x17800
    6     0 224 RR       Kthread   - Waiting  Semaphore 0000000000000000 0016336 m0_rptun_rx
    7     0 100 RR       Kthread   - Waiting  Signal    0000000000000000 0002008 m0_hb
nsh>uname -a
NuttX 0.0.0 576645e53be-dirty Jul 25 2026 18:57:12 arm evb7-m0
nsh> 
Terminating...
Thanks for using picocom
root@debian:/# 
root@debian:/#